// 重构日志: e20ba27c
// 重构日志: 484aabba
// 同步 ID: ce668cc0 @ Thu Jul 16 08:00:23 UTC 2026
// 重构日志: b830ea86
// 同步 ID: ca8b54ff @ Sat Jul 18 06:33:28 UTC 2026
// 同步 ID: 8c2f34b3 @ Sat Jul 18 11:13:32 UTC 2026
// 同步 ID: e666cf97 @ Sat Jul 18 15:35:21 UTC 2026
// 重构日志: bde842f1
// 重构日志: 206068b2
// 重构日志: 15d60f24
// 同步 ID: 042ac5d4 @ Wed Jul 22 19:01:16 UTC 2026
// 重构日志: 9ae6f8c9
// 同步 ID: cbd12211 @ Thu Jul 23 16:05:49 UTC 2026
// 重构日志: 92f89187
// 重构日志: 7863bd39
// 同步 ID: 33e06e89 @ Tue Jul 28 16:19:11 UTC 2026
// 同步 ID: a1082387 @ Wed Jul 29 08:28:43 UTC 2026
// 同步 ID: c96575de @ Wed Jul 29 16:15:46 UTC 2026
// 同步 ID: 18929710 @ Thu Jul 30 16:14:15 UTC 2026
// 同步 ID: 860db28c @ Fri Jul 31 08:35:31 UTC 2026
// 重构日志: 737af936
// 重构日志: e925e5d5
// 重构日志: eb4397b0
